2026-05-01 00:01:50.201 [AsyncResolver-bootstrap-executor-%d] INFO  c.n.d.s.r.aws.ConfigClusterResolver - Resolving eureka endpoints via configuration
2026-05-01 00:06:50.219 [AsyncResolver-bootstrap-executor-%d] INFO  c.n.d.s.r.aws.ConfigClusterResolver - Resolving eureka endpoints via configuration
2026-05-01 00:11:50.228 [AsyncResolver-bootstrap-executor-%d] INFO  c.n.d.s.r.aws.ConfigClusterResolver - Resolving eureka endpoints via configuration
2026-05-01 00:16:50.226 [AsyncResolver-bootstrap-executor-%d] INFO  c.n.d.s.r.aws.ConfigClusterResolver - Resolving eureka endpoints via configuration
2026-05-01 00:28:06.953 [background-preinit] INFO  o.h.validator.internal.util.Version - HV000001: Hibernate Validator 8.0.3.Final
2026-05-01 00:28:07.012 [main] INFO  o.s.c.c.c.ConfigServerConfigDataLoader - Fetching config from server at : http://localhost:7071
2026-05-01 00:28:07.012 [main] INFO  o.s.c.c.c.ConfigServerConfigDataLoader - Exception on Url - http://localhost:7071:org.springframework.web.client.ResourceAccessException: I/O error on GET request for "http://localhost:7071/ms-payment/default": Connection refused: no further information. Will be trying the next url if available
2026-05-01 00:28:07.012 [main] WARN  o.s.c.c.c.ConfigServerConfigDataLoader - Could not locate PropertySource ([ConfigServerConfigDataResource@2123064f uris = array<String>['http://localhost:7071'], optional = true, profiles = 'default']): I/O error on GET request for "http://localhost:7071/ms-payment/default": Connection refused: no further information
2026-05-01 00:28:07.012 [main] INFO  o.s.c.c.c.ConfigServerConfigDataLoader - Fetching config from server at : http://localhost:7071
2026-05-01 00:28:07.012 [main] INFO  o.s.c.c.c.ConfigServerConfigDataLoader - Exception on Url - http://localhost:7071:org.springframework.web.client.ResourceAccessException: I/O error on GET request for "http://localhost:7071/ms-payment/dev": Connection refused: no further information. Will be trying the next url if available
2026-05-01 00:28:07.012 [main] WARN  o.s.c.c.c.ConfigServerConfigDataLoader - Could not locate PropertySource ([ConfigServerConfigDataResource@741f8dbe uris = array<String>['http://localhost:7071'], optional = true, profiles = 'dev']): I/O error on GET request for "http://localhost:7071/ms-payment/dev": Connection refused: no further information
2026-05-01 00:28:07.012 [main] INFO  o.s.c.c.c.ConfigServerConfigDataLoader - Fetching config from server at : http://localhost:7071
2026-05-01 00:28:07.012 [main] INFO  o.s.c.c.c.ConfigServerConfigDataLoader - Exception on Url - http://localhost:7071:org.springframework.web.client.ResourceAccessException: I/O error on GET request for "http://localhost:7071/ms-payment/default": Connection refused: no further information. Will be trying the next url if available
2026-05-01 00:28:07.012 [main] WARN  o.s.c.c.c.ConfigServerConfigDataLoader - Could not locate PropertySource ([ConfigServerConfigDataResource@212dfd39 uris = array<String>['http://localhost:7071'], optional = true, profiles = 'default']): I/O error on GET request for "http://localhost:7071/ms-payment/default": Connection refused: no further information
2026-05-01 00:28:09.571 [main] INFO  o.s.c.c.c.ConfigServerConfigDataLoader - Fetching config from server at : http://localhost:7071
2026-05-01 00:28:09.571 [main] INFO  o.s.c.c.c.ConfigServerConfigDataLoader - Exception on Url - http://localhost:7071:org.springframework.web.client.ResourceAccessException: I/O error on GET request for "http://localhost:7071/ms-payment/default": Connection refused: no further information. Will be trying the next url if available
2026-05-01 00:28:09.571 [main] WARN  o.s.c.c.c.ConfigServerConfigDataLoader - Could not locate PropertySource ([ConfigServerConfigDataResource@93501be uris = array<String>['http://localhost:7071'], optional = true, profiles = 'default']): I/O error on GET request for "http://localhost:7071/ms-payment/default": Connection refused: no further information
2026-05-01 00:28:09.571 [main] INFO  o.s.c.c.c.ConfigServerConfigDataLoader - Fetching config from server at : http://localhost:7071
2026-05-01 00:28:09.571 [main] INFO  o.s.c.c.c.ConfigServerConfigDataLoader - Exception on Url - http://localhost:7071:org.springframework.web.client.ResourceAccessException: I/O error on GET request for "http://localhost:7071/ms-payment/dev": Connection refused: no further information. Will be trying the next url if available
2026-05-01 00:28:09.571 [main] WARN  o.s.c.c.c.ConfigServerConfigDataLoader - Could not locate PropertySource ([ConfigServerConfigDataResource@443a53df uris = array<String>['http://localhost:7071'], optional = true, profiles = 'dev']): I/O error on GET request for "http://localhost:7071/ms-payment/dev": Connection refused: no further information
2026-05-01 00:28:09.571 [main] INFO  o.s.c.c.c.ConfigServerConfigDataLoader - Fetching config from server at : http://localhost:7071
2026-05-01 00:28:09.571 [main] INFO  o.s.c.c.c.ConfigServerConfigDataLoader - Exception on Url - http://localhost:7071:org.springframework.web.client.ResourceAccessException: I/O error on GET request for "http://localhost:7071/ms-payment/default": Connection refused: no further information. Will be trying the next url if available
2026-05-01 00:28:09.571 [main] WARN  o.s.c.c.c.ConfigServerConfigDataLoader - Could not locate PropertySource ([ConfigServerConfigDataResource@6c33da7a uris = array<String>['http://localhost:7071'], optional = true, profiles = 'default']): I/O error on GET request for "http://localhost:7071/ms-payment/default": Connection refused: no further information
2026-05-01 00:28:09.624 [main] ERROR o.s.boot.SpringApplication - Application run failed
java.lang.IllegalStateException: java.lang.IllegalStateException: Logback configuration error detected: 
ERROR in com.github.loki4j.client.pipeline.AsyncBufferPipeline@64edfc8c - Error while sending Batch #51f200d192d4 (3.082 bytes) to Loki (http://localhost:13100/loki/api/v1/push) java.net.ConnectException
ERROR in com.github.loki4j.client.pipeline.AsyncBufferPipeline@64edfc8c - Retry #1. Error while sending Batch #51f200d192d4 (3.082 bytes) to Loki (http://localhost:13100/loki/api/v1/push) java.net.ConnectException
ERROR in com.github.loki4j.client.pipeline.AsyncBufferPipeline@64edfc8c - Retry #2. Error while sending Batch #51f200d192d4 (3.082 bytes) to Loki (http://localhost:13100/loki/api/v1/push) java.net.ConnectException
	at org.springframework.boot.context.logging.LoggingApplicationListener.initializeSystem(LoggingApplicationListener.java:347)
	at org.springframework.boot.context.logging.LoggingApplicationListener.initialize(LoggingApplicationListener.java:298)
	at org.springframework.boot.context.logging.LoggingApplicationListener.onApplicationEnvironmentPreparedEvent(LoggingApplicationListener.java:246)
	at org.springframework.boot.context.logging.LoggingApplicationListener.onApplicationEvent(LoggingApplicationListener.java:223)
	at org.springframework.context.event.SimpleApplicationEventMulticaster.doInvokeListener(SimpleApplicationEventMulticaster.java:185)
	at org.springframework.context.event.SimpleApplicationEventMulticaster.invokeListener(SimpleApplicationEventMulticaster.java:178)
	at org.springframework.context.event.SimpleApplicationEventMulticaster.multicastEvent(SimpleApplicationEventMulticaster.java:156)
	at org.springframework.context.event.SimpleApplicationEventMulticaster.multicastEvent(SimpleApplicationEventMulticaster.java:138)
	at org.springframework.boot.context.event.EventPublishingRunListener.multicastInitialEvent(EventPublishingRunListener.java:136)
	at org.springframework.boot.context.event.EventPublishingRunListener.environmentPrepared(EventPublishingRunListener.java:81)
	at org.springframework.boot.SpringApplicationRunListeners.lambda$environmentPrepared$2(SpringApplicationRunListeners.java:64)
	at java.base/java.lang.Iterable.forEach(Iterable.java:75)
	at org.springframework.boot.SpringApplicationRunListeners.doWithListeners(SpringApplicationRunListeners.java:118)
	at org.springframework.boot.SpringApplicationRunListeners.doWithListeners(SpringApplicationRunListeners.java:112)
	at org.springframework.boot.SpringApplicationRunListeners.environmentPrepared(SpringApplicationRunListeners.java:63)
	at org.springframework.boot.SpringApplication.prepareEnvironment(SpringApplication.java:353)
	at org.springframework.boot.SpringApplication.run(SpringApplication.java:313)
	at org.springframework.boot.test.context.SpringBootContextLoader.lambda$loadContext$3(SpringBootContextLoader.java:151)
	at org.springframework.util.function.ThrowingSupplier.get(ThrowingSupplier.java:58)
	at org.springframework.util.function.ThrowingSupplier.get(ThrowingSupplier.java:46)
	at org.springframework.boot.SpringApplication.withHook(SpringApplication.java:1461)
	at org.springframework.boot.test.context.SpringBootContextLoader$ContextLoaderHook.run(SpringBootContextLoader.java:590)
	at org.springframework.boot.test.context.SpringBootContextLoader.loadContext(SpringBootContextLoader.java:151)
	at org.springframework.boot.test.context.SpringBootContextLoader.loadContext(SpringBootContextLoader.java:110)
	at org.springframework.test.context.cache.DefaultCacheAwareContextLoaderDelegate.loadContextInternal(DefaultCacheAwareContextLoaderDelegate.java:225)
	at org.springframework.test.context.cache.DefaultCacheAwareContextLoaderDelegate.loadContext(DefaultCacheAwareContextLoaderDelegate.java:152)
	at org.springframework.test.context.support.DefaultTestContext.getApplicationContext(DefaultTestContext.java:130)
	at org.springframework.test.context.web.ServletTestExecutionListener.setUpRequestContextIfNecessary(ServletTestExecutionListener.java:200)
	at org.springframework.test.context.web.ServletTestExecutionListener.prepareTestInstance(ServletTestExecutionListener.java:139)
	at org.springframework.test.context.TestContextManager.prepareTestInstance(TestContextManager.java:260)
	at org.springframework.test.context.junit.jupiter.SpringExtension.postProcessTestInstance(SpringExtension.java:159)
	at org.junit.jupiter.engine.descriptor.ClassBasedTestDescriptor.lambda$invokeTestInstancePostProcessors$10(ClassBasedTestDescriptor.java:383)
	at org.junit.jupiter.engine.descriptor.ClassBasedTestDescriptor.executeAndMaskThrowable(ClassBasedTestDescriptor.java:388)
	at org.junit.jupiter.engine.descriptor.ClassBasedTestDescriptor.lambda$invokeTestInstancePostProcessors$11(ClassBasedTestDescriptor.java:382)
	at java.base/java.util.stream.ForEachOps$ForEachOp$OfRef.accept(ForEachOps.java:183)
	at java.base/java.util.stream.ReferencePipeline$3$1.accept(ReferencePipeline.java:197)
	at java.base/java.util.stream.ReferencePipeline$2$1.accept(ReferencePipeline.java:179)
	at java.base/java.util.stream.ReferencePipeline$3$1.accept(ReferencePipeline.java:197)
	at java.base/java.util.ArrayList$ArrayListSpliterator.forEachRemaining(ArrayList.java:1625)
	at java.base/java.util.stream.AbstractPipeline.copyInto(AbstractPipeline.java:509)
	at java.base/java.util.stream.AbstractPipeline.wrapAndCopyInto(AbstractPipeline.java:499)
	at java.base/java.util.stream.ForEachOps$ForEachOp.evaluateSequential(ForEachOps.java:150)
	at java.base/java.util.stream.ForEachOps$ForEachOp$OfRef.evaluateSequential(ForEachOps.java:173)
	at java.base/java.util.stream.AbstractPipeline.evaluate(AbstractPipeline.java:234)
	at java.base/java.util.stream.ReferencePipeline.forEach(ReferencePipeline.java:596)
	at org.junit.jupiter.engine.descriptor.ClassBasedTestDescriptor.invokeTestInstancePostProcessors(ClassBasedTestDescriptor.java:382)
	at org.junit.jupiter.engine.descriptor.ClassBasedTestDescriptor.lambda$instantiateAndPostProcessTestInstance$6(ClassBasedTestDescriptor.java:293)
	at org.junit.platform.engine.support.hierarchical.ThrowableCollector.execute(ThrowableCollector.java:73)
	at org.junit.jupiter.engine.descriptor.ClassBasedTestDescriptor.instantiateAndPostProcessTestInstance(ClassBasedTestDescriptor.java:292)
	at org.junit.jupiter.engine.descriptor.ClassBasedTestDescriptor.lambda$testInstancesProvider$4(ClassBasedTestDescriptor.java:281)
	at java.base/java.util.Optional.orElseGet(Optional.java:364)
	at org.junit.jupiter.engine.descriptor.ClassBasedTestDescriptor.lambda$testInstancesProvider$5(ClassBasedTestDescriptor.java:280)
	at org.junit.jupiter.engine.execution.TestInstancesProvider.getTestInstances(TestInstancesProvider.java:27)
	at org.junit.jupiter.engine.descriptor.TestMethodTestDescriptor.lambda$prepare$0(TestMethodTestDescriptor.java:112)
	at org.junit.platform.engine.support.hierarchical.ThrowableCollector.execute(ThrowableCollector.java:73)
	at org.junit.jupiter.engine.descriptor.TestMethodTestDescriptor.prepare(TestMethodTestDescriptor.java:111)
	at org.junit.jupiter.engine.descriptor.TestMethodTestDescriptor.prepare(TestMethodTestDescriptor.java:69)
	at org.junit.platform.engine.support.hierarchical.NodeTestTask.lambda$prepare$2(NodeTestTask.java:128)
	at org.junit.platform.engine.support.hierarchical.ThrowableCollector.execute(ThrowableCollector.java:73)
	at org.junit.platform.engine.support.hierarchical.NodeTestTask.prepare(NodeTestTask.java:128)
	at org.junit.platform.engine.support.hierarchical.NodeTestTask.execute(NodeTestTask.java:95)
	at java.base/java.util.ArrayList.forEach(ArrayList.java:1511)
	at org.junit.platform.engine.support.hierarchical.SameThreadHierarchicalTestExecutorService.invokeAll(SameThreadHierarchicalTestExecutorService.java:41)
	at org.junit.platform.engine.support.hierarchical.NodeTestTask.lambda$executeRecursively$6(NodeTestTask.java:160)
	at org.junit.platform.engine.support.hierarchical.ThrowableCollector.execute(ThrowableCollector.java:73)
	at org.junit.platform.engine.support.hierarchical.NodeTestTask.lambda$executeRecursively$8(NodeTestTask.java:146)
	at org.junit.platform.engine.support.hierarchical.Node.around(Node.java:137)
	at org.junit.platform.engine.support.hierarchical.NodeTestTask.lambda$executeRecursively$9(NodeTestTask.java:144)
	at org.junit.platform.engine.support.hierarchical.ThrowableCollector.execute(ThrowableCollector.java:73)
	at org.junit.platform.engine.support.hierarchical.NodeTestTask.executeRecursively(NodeTestTask.java:143)
	at org.junit.platform.engine.support.hierarchical.NodeTestTask.execute(NodeTestTask.java:100)
	at java.base/java.util.ArrayList.forEach(ArrayList.java:1511)
	at org.junit.platform.engine.support.hierarchical.SameThreadHierarchicalTestExecutorService.invokeAll(SameThreadHierarchicalTestExecutorService.java:41)
	at org.junit.platform.engine.support.hierarchical.NodeTestTask.lambda$executeRecursively$6(NodeTestTask.java:160)
	at org.junit.platform.engine.support.hierarchical.ThrowableCollector.execute(ThrowableCollector.java:73)
	at org.junit.platform.engine.support.hierarchical.NodeTestTask.lambda$executeRecursively$8(NodeTestTask.java:146)
	at org.junit.platform.engine.support.hierarchical.Node.around(Node.java:137)
	at org.junit.platform.engine.support.hierarchical.NodeTestTask.lambda$executeRecursively$9(NodeTestTask.java:144)
	at org.junit.platform.engine.support.hierarchical.ThrowableCollector.execute(ThrowableCollector.java:73)
	at org.junit.platform.engine.support.hierarchical.NodeTestTask.executeRecursively(NodeTestTask.java:143)
	at org.junit.platform.engine.support.hierarchical.NodeTestTask.execute(NodeTestTask.java:100)
	at org.junit.platform.engine.support.hierarchical.SameThreadHierarchicalTestExecutorService.submit(SameThreadHierarchicalTestExecutorService.java:35)
	at org.junit.platform.engine.support.hierarchical.HierarchicalTestExecutor.execute(HierarchicalTestExecutor.java:57)
	at org.junit.platform.engine.support.hierarchical.HierarchicalTestEngine.execute(HierarchicalTestEngine.java:54)
	at org.junit.platform.launcher.core.EngineExecutionOrchestrator.execute(EngineExecutionOrchestrator.java:201)
	at org.junit.platform.launcher.core.EngineExecutionOrchestrator.execute(EngineExecutionOrchestrator.java:170)
	at org.junit.platform.launcher.core.EngineExecutionOrchestrator.execute(EngineExecutionOrchestrator.java:94)
	at org.junit.platform.launcher.core.EngineExecutionOrchestrator.lambda$execute$0(EngineExecutionOrchestrator.java:59)
	at org.junit.platform.launcher.core.EngineExecutionOrchestrator.withInterceptedStreams(EngineExecutionOrchestrator.java:142)
	at org.junit.platform.launcher.core.EngineExecutionOrchestrator.execute(EngineExecutionOrchestrator.java:58)
	at org.junit.platform.launcher.core.DefaultLauncher.execute(DefaultLauncher.java:103)
	at org.junit.platform.launcher.core.DefaultLauncher.execute(DefaultLauncher.java:85)
	at org.junit.platform.launcher.core.DelegatingLauncher.execute(DelegatingLauncher.java:47)
	at org.junit.platform.launcher.core.InterceptingLauncher.lambda$execute$1(InterceptingLauncher.java:39)
	at org.junit.platform.launcher.core.ClasspathAlignmentCheckingLauncherInterceptor.intercept(ClasspathAlignmentCheckingLauncherInterceptor.java:25)
	at org.junit.platform.launcher.core.InterceptingLauncher.execute(InterceptingLauncher.java:38)
	at org.junit.platform.launcher.core.DelegatingLauncher.execute(DelegatingLauncher.java:47)
	at org.apache.maven.surefire.junitplatform.LauncherAdapter.executeWithoutCancellationToken(LauncherAdapter.java:60)
	at org.apache.maven.surefire.junitplatform.LauncherAdapter.execute(LauncherAdapter.java:52)
	at org.apache.maven.surefire.junitplatform.JUnitPlatformProvider.execute(JUnitPlatformProvider.java:203)
	at org.apache.maven.surefire.junitplatform.JUnitPlatformProvider.invokeAllTests(JUnitPlatformProvider.java:168)
	at org.apache.maven.surefire.junitplatform.JUnitPlatformProvider.invoke(JUnitPlatformProvider.java:136)
	at org.apache.maven.surefire.booter.ForkedBooter.runSuitesInProcess(ForkedBooter.java:385)
	at org.apache.maven.surefire.booter.ForkedBooter.execute(ForkedBooter.java:162)
	at org.apache.maven.surefire.booter.ForkedBooter.run(ForkedBooter.java:507)
	at org.apache.maven.surefire.booter.ForkedBooter.main(ForkedBooter.java:495)
Caused by: java.lang.IllegalStateException: Logback configuration error detected: 
ERROR in com.github.loki4j.client.pipeline.AsyncBufferPipeline@64edfc8c - Error while sending Batch #51f200d192d4 (3.082 bytes) to Loki (http://localhost:13100/loki/api/v1/push) java.net.ConnectException
ERROR in com.github.loki4j.client.pipeline.AsyncBufferPipeline@64edfc8c - Retry #1. Error while sending Batch #51f200d192d4 (3.082 bytes) to Loki (http://localhost:13100/loki/api/v1/push) java.net.ConnectException
ERROR in com.github.loki4j.client.pipeline.AsyncBufferPipeline@64edfc8c - Retry #2. Error while sending Batch #51f200d192d4 (3.082 bytes) to Loki (http://localhost:13100/loki/api/v1/push) java.net.ConnectException
	at org.springframework.boot.logging.logback.LogbackLoggingSystem.reportConfigurationErrorsIfNecessary(LogbackLoggingSystem.java:289)
	at org.springframework.boot.logging.logback.LogbackLoggingSystem.loadConfiguration(LogbackLoggingSystem.java:267)
	at org.springframework.boot.logging.AbstractLoggingSystem.initializeWithConventions(AbstractLoggingSystem.java:81)
	at org.springframework.boot.logging.AbstractLoggingSystem.initialize(AbstractLoggingSystem.java:61)
	at org.springframework.boot.logging.logback.LogbackLoggingSystem.initialize(LogbackLoggingSystem.java:195)
	at org.springframework.boot.context.logging.LoggingApplicationListener.initializeSystem(LoggingApplicationListener.java:332)
	... 105 common frames omitted
	Suppressed: java.net.ConnectException
		at java.net.http/jdk.internal.net.http.HttpClientImpl.send(HttpClientImpl.java:574)
		at java.net.http/jdk.internal.net.http.HttpClientFacade.send(HttpClientFacade.java:123)
		at com.github.loki4j.client.http.JavaHttpClient.send(JavaHttpClient.java:68)
		at com.github.loki4j.client.pipeline.AsyncBufferPipeline.sendBatch(AsyncBufferPipeline.java:322)
		at com.github.loki4j.client.pipeline.AsyncBufferPipeline.sendStep(AsyncBufferPipeline.java:293)
		at com.github.loki4j.client.pipeline.AsyncBufferPipeline.runSendLoop(AsyncBufferPipeline.java:224)
		at com.github.loki4j.client.pipeline.AsyncBufferPipeline.lambda$start$3(AsyncBufferPipeline.java:131)
		at java.base/java.util.concurrent.ThreadPoolExecutor.runWorker(ThreadPoolExecutor.java:1136)
		at java.base/java.util.concurrent.ThreadPoolExecutor$Worker.run(ThreadPoolExecutor.java:635)
		at java.base/java.lang.Thread.run(Thread.java:842)
	Caused by: java.net.ConnectException
		at java.net.http/jdk.internal.net.http.common.Utils.toConnectException(Utils.java:1055)
		at java.net.http/jdk.internal.net.http.PlainHttpConnection.connectAsync(PlainHttpConnection.java:198)
		at java.net.http/jdk.internal.net.http.PlainHttpConnection.checkRetryConnect(PlainHttpConnection.java:230)
		at java.net.http/jdk.internal.net.http.PlainHttpConnection.lambda$connectAsync$1(PlainHttpConnection.java:206)
		at java.base/java.util.concurrent.CompletableFuture.uniHandle(CompletableFuture.java:934)
		at java.base/java.util.concurrent.CompletableFuture$UniHandle.tryFire(CompletableFuture.java:911)
		at java.base/java.util.concurrent.CompletableFuture.postComplete(CompletableFuture.java:510)
		at java.base/java.util.concurrent.CompletableFuture$AsyncSupply.run(CompletableFuture.java:1773)
		... 3 common frames omitted
	Caused by: java.nio.channels.ClosedChannelException
		at java.base/sun.nio.ch.SocketChannelImpl.ensureOpen(SocketChannelImpl.java:195)
		at java.base/sun.nio.ch.SocketChannelImpl.beginConnect(SocketChannelImpl.java:760)
		at java.base/sun.nio.ch.SocketChannelImpl.connect(SocketChannelImpl.java:848)
		at java.net.http/jdk.internal.net.http.PlainHttpConnection.lambda$connectAsync$0(PlainHttpConnection.java:183)
		at java.base/java.security.AccessController.doPrivileged(AccessController.java:569)
		at java.net.http/jdk.internal.net.http.PlainHttpConnection.connectAsync(PlainHttpConnection.java:185)
		... 9 common frames omitted
	Suppressed: java.net.ConnectException
		at java.net.http/jdk.internal.net.http.HttpClientImpl.send(HttpClientImpl.java:574)
		at java.net.http/jdk.internal.net.http.HttpClientFacade.send(HttpClientFacade.java:123)
		at com.github.loki4j.client.http.JavaHttpClient.send(JavaHttpClient.java:68)
		at com.github.loki4j.client.pipeline.AsyncBufferPipeline.sendBatch(AsyncBufferPipeline.java:322)
		at com.github.loki4j.client.pipeline.AsyncBufferPipeline.sendStep(AsyncBufferPipeline.java:293)
		at com.github.loki4j.client.pipeline.AsyncBufferPipeline.runSendLoop(AsyncBufferPipeline.java:224)
		at com.github.loki4j.client.pipeline.AsyncBufferPipeline.lambda$start$3(AsyncBufferPipeline.java:131)
		at java.base/java.util.concurrent.ThreadPoolExecutor.runWorker(ThreadPoolExecutor.java:1136)
		at java.base/java.util.concurrent.ThreadPoolExecutor$Worker.run(ThreadPoolExecutor.java:635)
		at java.base/java.lang.Thread.run(Thread.java:842)
	Caused by: java.net.ConnectException
		at java.net.http/jdk.internal.net.http.common.Utils.toConnectException(Utils.java:1055)
		at java.net.http/jdk.internal.net.http.PlainHttpConnection.connectAsync(PlainHttpConnection.java:198)
		at java.net.http/jdk.internal.net.http.PlainHttpConnection.checkRetryConnect(PlainHttpConnection.java:230)
		at java.net.http/jdk.internal.net.http.PlainHttpConnection.lambda$connectAsync$1(PlainHttpConnection.java:206)
		at java.base/java.util.concurrent.CompletableFuture.uniHandle(CompletableFuture.java:934)
		at java.base/java.util.concurrent.CompletableFuture$UniHandle.tryFire(CompletableFuture.java:911)
		at java.base/java.util.concurrent.CompletableFuture.postComplete(CompletableFuture.java:510)
		at java.base/java.util.concurrent.CompletableFuture$AsyncSupply.run(CompletableFuture.java:1773)
		... 3 common frames omitted
	Caused by: java.nio.channels.ClosedChannelException
		at java.base/sun.nio.ch.SocketChannelImpl.ensureOpen(SocketChannelImpl.java:195)
		at java.base/sun.nio.ch.SocketChannelImpl.beginConnect(SocketChannelImpl.java:760)
		at java.base/sun.nio.ch.SocketChannelImpl.connect(SocketChannelImpl.java:848)
		at java.net.http/jdk.internal.net.http.PlainHttpConnection.lambda$connectAsync$0(PlainHttpConnection.java:183)
		at java.base/java.security.AccessController.doPrivileged(AccessController.java:569)
		at java.net.http/jdk.internal.net.http.PlainHttpConnection.connectAsync(PlainHttpConnection.java:185)
		... 9 common frames omitted
	Suppressed: java.net.ConnectException
		at java.net.http/jdk.internal.net.http.HttpClientImpl.send(HttpClientImpl.java:574)
		at java.net.http/jdk.internal.net.http.HttpClientFacade.send(HttpClientFacade.java:123)
		at com.github.loki4j.client.http.JavaHttpClient.send(JavaHttpClient.java:68)
		at com.github.loki4j.client.pipeline.AsyncBufferPipeline.sendBatch(AsyncBufferPipeline.java:322)
		at com.github.loki4j.client.pipeline.AsyncBufferPipeline.sendStep(AsyncBufferPipeline.java:293)
		at com.github.loki4j.client.pipeline.AsyncBufferPipeline.runSendLoop(AsyncBufferPipeline.java:224)
		at com.github.loki4j.client.pipeline.AsyncBufferPipeline.lambda$start$3(AsyncBufferPipeline.java:131)
		at java.base/java.util.concurrent.ThreadPoolExecutor.runWorker(ThreadPoolExecutor.java:1136)
		at java.base/java.util.concurrent.ThreadPoolExecutor$Worker.run(ThreadPoolExecutor.java:635)
		at java.base/java.lang.Thread.run(Thread.java:842)
	Caused by: java.net.ConnectException
		at java.net.http/jdk.internal.net.http.common.Utils.toConnectException(Utils.java:1055)
		at java.net.http/jdk.internal.net.http.PlainHttpConnection.connectAsync(PlainHttpConnection.java:198)
		at java.net.http/jdk.internal.net.http.PlainHttpConnection.checkRetryConnect(PlainHttpConnection.java:230)
		at java.net.http/jdk.internal.net.http.PlainHttpConnection.lambda$connectAsync$1(PlainHttpConnection.java:206)
		at java.base/java.util.concurrent.CompletableFuture.uniHandle(CompletableFuture.java:934)
		at java.base/java.util.concurrent.CompletableFuture$UniHandle.tryFire(CompletableFuture.java:911)
		at java.base/java.util.concurrent.CompletableFuture.postComplete(CompletableFuture.java:510)
		at java.base/java.util.concurrent.CompletableFuture$AsyncSupply.run(CompletableFuture.java:1773)
		... 3 common frames omitted
	Caused by: java.nio.channels.ClosedChannelException
		at java.base/sun.nio.ch.SocketChannelImpl.ensureOpen(SocketChannelImpl.java:195)
		at java.base/sun.nio.ch.SocketChannelImpl.beginConnect(SocketChannelImpl.java:760)
		at java.base/sun.nio.ch.SocketChannelImpl.connect(SocketChannelImpl.java:848)
		at java.net.http/jdk.internal.net.http.PlainHttpConnection.lambda$connectAsync$0(PlainHttpConnection.java:183)
		at java.base/java.security.AccessController.doPrivileged(AccessController.java:569)
		at java.net.http/jdk.internal.net.http.PlainHttpConnection.connectAsync(PlainHttpConnection.java:185)
		... 9 common frames omitted
2026-05-01 00:28:09.636 [main] WARN  o.s.test.context.TestContextManager - Caught exception while allowing TestExecutionListener [org.springframework.test.context.web.ServletTestExecutionListener] to prepare test instance [com.upeu.payment.PaymentApplicationTests@70b6db83]
java.lang.IllegalStateException: Failed to load ApplicationContext for [WebMergedContextConfiguration@26d5a317 testClass = com.upeu.payment.PaymentApplicationTests, locations = [], classes = [com.upeu.payment.PaymentApplication], contextInitializerClasses = [], activeProfiles = [], propertySourceDescriptors = [], propertySourceProperties = ["org.springframework.boot.test.context.SpringBootTestContextBootstrapper=true"], contextCustomizers = [org.springframework.boot.test.context.filter.ExcludeFilterContextCustomizer@1130520d, org.springframework.boot.test.json.DuplicateJsonObjectContextCustomizerFactory$DuplicateJsonObjectContextCustomizer@7a3793c7, org.springframework.boot.test.mock.mockito.MockitoContextCustomizer@0, org.springframework.boot.test.web.client.TestRestTemplateContextCustomizer@5d43661b, org.springframework.boot.test.web.reactor.netty.DisableReactorResourceFactoryGlobalResourcesContextCustomizerFactory$DisableReactorResourceFactoryGlobalResourcesContextCustomizerCustomizer@43599640, org.springframework.boot.test.autoconfigure.OnFailureConditionReportContextCustomizerFactory$OnFailureConditionReportContextCustomizer@1863d2fe, org.springframework.boot.test.autoconfigure.actuate.observability.ObservabilityContextCustomizerFactory$DisableObservabilityContextCustomizer@1f, org.springframework.boot.test.autoconfigure.properties.PropertyMappingContextCustomizer@0, org.springframework.boot.test.autoconfigure.web.servlet.WebDriverContextCustomizer@6d7fc27, org.springframework.test.context.support.DynamicPropertiesContextCustomizer@0, org.springframework.boot.test.context.SpringBootTestAnnotation@89e92fc1], resourceBasePath = "src/main/webapp", contextLoader = org.springframework.boot.test.context.SpringBootContextLoader, parent = null]
	at org.springframework.test.context.cache.DefaultCacheAwareContextLoaderDelegate.loadContext(DefaultCacheAwareContextLoaderDelegate.java:180)
	at org.springframework.test.context.support.DefaultTestContext.getApplicationContext(DefaultTestContext.java:130)
	at org.springframework.test.context.web.ServletTestExecutionListener.setUpRequestContextIfNecessary(ServletTestExecutionListener.java:200)
	at org.springframework.test.context.web.ServletTestExecutionListener.prepareTestInstance(ServletTestExecutionListener.java:139)
	at org.springframework.test.context.TestContextManager.prepareTestInstance(TestContextManager.java:260)
	at org.springframework.test.context.junit.jupiter.SpringExtension.postProcessTestInstance(SpringExtension.java:159)
	at org.junit.jupiter.engine.descriptor.ClassBasedTestDescriptor.lambda$invokeTestInstancePostProcessors$10(ClassBasedTestDescriptor.java:383)
	at org.junit.jupiter.engine.descriptor.ClassBasedTestDescriptor.executeAndMaskThrowable(ClassBasedTestDescriptor.java:388)
	at org.junit.jupiter.engine.descriptor.ClassBasedTestDescriptor.lambda$invokeTestInstancePostProcessors$11(ClassBasedTestDescriptor.java:382)
	at java.base/java.util.stream.ForEachOps$ForEachOp$OfRef.accept(ForEachOps.java:183)
	at java.base/java.util.stream.ReferencePipeline$3$1.accept(ReferencePipeline.java:197)
	at java.base/java.util.stream.ReferencePipeline$2$1.accept(ReferencePipeline.java:179)
	at java.base/java.util.stream.ReferencePipeline$3$1.accept(ReferencePipeline.java:197)
	at java.base/java.util.ArrayList$ArrayListSpliterator.forEachRemaining(ArrayList.java:1625)
	at java.base/java.util.stream.AbstractPipeline.copyInto(AbstractPipeline.java:509)
	at java.base/java.util.stream.AbstractPipeline.wrapAndCopyInto(AbstractPipeline.java:499)
	at java.base/java.util.stream.ForEachOps$ForEachOp.evaluateSequential(ForEachOps.java:150)
	at java.base/java.util.stream.ForEachOps$ForEachOp$OfRef.evaluateSequential(ForEachOps.java:173)
	at java.base/java.util.stream.AbstractPipeline.evaluate(AbstractPipeline.java:234)
	at java.base/java.util.stream.ReferencePipeline.forEach(ReferencePipeline.java:596)
	at org.junit.jupiter.engine.descriptor.ClassBasedTestDescriptor.invokeTestInstancePostProcessors(ClassBasedTestDescriptor.java:382)
	at org.junit.jupiter.engine.descriptor.ClassBasedTestDescriptor.lambda$instantiateAndPostProcessTestInstance$6(ClassBasedTestDescriptor.java:293)
	at org.junit.platform.engine.support.hierarchical.ThrowableCollector.execute(ThrowableCollector.java:73)
	at org.junit.jupiter.engine.descriptor.ClassBasedTestDescriptor.instantiateAndPostProcessTestInstance(ClassBasedTestDescriptor.java:292)
	at org.junit.jupiter.engine.descriptor.ClassBasedTestDescriptor.lambda$testInstancesProvider$4(ClassBasedTestDescriptor.java:281)
	at java.base/java.util.Optional.orElseGet(Optional.java:364)
	at org.junit.jupiter.engine.descriptor.ClassBasedTestDescriptor.lambda$testInstancesProvider$5(ClassBasedTestDescriptor.java:280)
	at org.junit.jupiter.engine.execution.TestInstancesProvider.getTestInstances(TestInstancesProvider.java:27)
	at org.junit.jupiter.engine.descriptor.TestMethodTestDescriptor.lambda$prepare$0(TestMethodTestDescriptor.java:112)
	at org.junit.platform.engine.support.hierarchical.ThrowableCollector.execute(ThrowableCollector.java:73)
	at org.junit.jupiter.engine.descriptor.TestMethodTestDescriptor.prepare(TestMethodTestDescriptor.java:111)
	at org.junit.jupiter.engine.descriptor.TestMethodTestDescriptor.prepare(TestMethodTestDescriptor.java:69)
	at org.junit.platform.engine.support.hierarchical.NodeTestTask.lambda$prepare$2(NodeTestTask.java:128)
	at org.junit.platform.engine.support.hierarchical.ThrowableCollector.execute(ThrowableCollector.java:73)
	at org.junit.platform.engine.support.hierarchical.NodeTestTask.prepare(NodeTestTask.java:128)
	at org.junit.platform.engine.support.hierarchical.NodeTestTask.execute(NodeTestTask.java:95)
	at java.base/java.util.ArrayList.forEach(ArrayList.java:1511)
	at org.junit.platform.engine.support.hierarchical.SameThreadHierarchicalTestExecutorService.invokeAll(SameThreadHierarchicalTestExecutorService.java:41)
	at org.junit.platform.engine.support.hierarchical.NodeTestTask.lambda$executeRecursively$6(NodeTestTask.java:160)
	at org.junit.platform.engine.support.hierarchical.ThrowableCollector.execute(ThrowableCollector.java:73)
	at org.junit.platform.engine.support.hierarchical.NodeTestTask.lambda$executeRecursively$8(NodeTestTask.java:146)
	at org.junit.platform.engine.support.hierarchical.Node.around(Node.java:137)
	at org.junit.platform.engine.support.hierarchical.NodeTestTask.lambda$executeRecursively$9(NodeTestTask.java:144)
	at org.junit.platform.engine.support.hierarchical.ThrowableCollector.execute(ThrowableCollector.java:73)
	at org.junit.platform.engine.support.hierarchical.NodeTestTask.executeRecursively(NodeTestTask.java:143)
	at org.junit.platform.engine.support.hierarchical.NodeTestTask.execute(NodeTestTask.java:100)
	at java.base/java.util.ArrayList.forEach(ArrayList.java:1511)
	at org.junit.platform.engine.support.hierarchical.SameThreadHierarchicalTestExecutorService.invokeAll(SameThreadHierarchicalTestExecutorService.java:41)
	at org.junit.platform.engine.support.hierarchical.NodeTestTask.lambda$executeRecursively$6(NodeTestTask.java:160)
	at org.junit.platform.engine.support.hierarchical.ThrowableCollector.execute(ThrowableCollector.java:73)
	at org.junit.platform.engine.support.hierarchical.NodeTestTask.lambda$executeRecursively$8(NodeTestTask.java:146)
	at org.junit.platform.engine.support.hierarchical.Node.around(Node.java:137)
	at org.junit.platform.engine.support.hierarchical.NodeTestTask.lambda$executeRecursively$9(NodeTestTask.java:144)
	at org.junit.platform.engine.support.hierarchical.ThrowableCollector.execute(ThrowableCollector.java:73)
	at org.junit.platform.engine.support.hierarchical.NodeTestTask.executeRecursively(NodeTestTask.java:143)
	at org.junit.platform.engine.support.hierarchical.NodeTestTask.execute(NodeTestTask.java:100)
	at org.junit.platform.engine.support.hierarchical.SameThreadHierarchicalTestExecutorService.submit(SameThreadHierarchicalTestExecutorService.java:35)
	at org.junit.platform.engine.support.hierarchical.HierarchicalTestExecutor.execute(HierarchicalTestExecutor.java:57)
	at org.junit.platform.engine.support.hierarchical.HierarchicalTestEngine.execute(HierarchicalTestEngine.java:54)
	at org.junit.platform.launcher.core.EngineExecutionOrchestrator.execute(EngineExecutionOrchestrator.java:201)
	at org.junit.platform.launcher.core.EngineExecutionOrchestrator.execute(EngineExecutionOrchestrator.java:170)
	at org.junit.platform.launcher.core.EngineExecutionOrchestrator.execute(EngineExecutionOrchestrator.java:94)
	at org.junit.platform.launcher.core.EngineExecutionOrchestrator.lambda$execute$0(EngineExecutionOrchestrator.java:59)
	at org.junit.platform.launcher.core.EngineExecutionOrchestrator.withInterceptedStreams(EngineExecutionOrchestrator.java:142)
	at org.junit.platform.launcher.core.EngineExecutionOrchestrator.execute(EngineExecutionOrchestrator.java:58)
	at org.junit.platform.launcher.core.DefaultLauncher.execute(DefaultLauncher.java:103)
	at org.junit.platform.launcher.core.DefaultLauncher.execute(DefaultLauncher.java:85)
	at org.junit.platform.launcher.core.DelegatingLauncher.execute(DelegatingLauncher.java:47)
	at org.junit.platform.launcher.core.InterceptingLauncher.lambda$execute$1(InterceptingLauncher.java:39)
	at org.junit.platform.launcher.core.ClasspathAlignmentCheckingLauncherInterceptor.intercept(ClasspathAlignmentCheckingLauncherInterceptor.java:25)
	at org.junit.platform.launcher.core.InterceptingLauncher.execute(InterceptingLauncher.java:38)
	at org.junit.platform.launcher.core.DelegatingLauncher.execute(DelegatingLauncher.java:47)
	at org.apache.maven.surefire.junitplatform.LauncherAdapter.executeWithoutCancellationToken(LauncherAdapter.java:60)
	at org.apache.maven.surefire.junitplatform.LauncherAdapter.execute(LauncherAdapter.java:52)
	at org.apache.maven.surefire.junitplatform.JUnitPlatformProvider.execute(JUnitPlatformProvider.java:203)
	at org.apache.maven.surefire.junitplatform.JUnitPlatformProvider.invokeAllTests(JUnitPlatformProvider.java:168)
	at org.apache.maven.surefire.junitplatform.JUnitPlatformProvider.invoke(JUnitPlatformProvider.java:136)
	at org.apache.maven.surefire.booter.ForkedBooter.runSuitesInProcess(ForkedBooter.java:385)
	at org.apache.maven.surefire.booter.ForkedBooter.execute(ForkedBooter.java:162)
	at org.apache.maven.surefire.booter.ForkedBooter.run(ForkedBooter.java:507)
	at org.apache.maven.surefire.booter.ForkedBooter.main(ForkedBooter.java:495)
Caused by: java.lang.IllegalStateException: java.lang.IllegalStateException: Logback configuration error detected: 
ERROR in com.github.loki4j.client.pipeline.AsyncBufferPipeline@64edfc8c - Error while sending Batch #51f200d192d4 (3.082 bytes) to Loki (http://localhost:13100/loki/api/v1/push) java.net.ConnectException
ERROR in com.github.loki4j.client.pipeline.AsyncBufferPipeline@64edfc8c - Retry #1. Error while sending Batch #51f200d192d4 (3.082 bytes) to Loki (http://localhost:13100/loki/api/v1/push) java.net.ConnectException
ERROR in com.github.loki4j.client.pipeline.AsyncBufferPipeline@64edfc8c - Retry #2. Error while sending Batch #51f200d192d4 (3.082 bytes) to Loki (http://localhost:13100/loki/api/v1/push) java.net.ConnectException
	at org.springframework.boot.context.logging.LoggingApplicationListener.initializeSystem(LoggingApplicationListener.java:347)
	at org.springframework.boot.context.logging.LoggingApplicationListener.initialize(LoggingApplicationListener.java:298)
	at org.springframework.boot.context.logging.LoggingApplicationListener.onApplicationEnvironmentPreparedEvent(LoggingApplicationListener.java:246)
	at org.springframework.boot.context.logging.LoggingApplicationListener.onApplicationEvent(LoggingApplicationListener.java:223)
	at org.springframework.context.event.SimpleApplicationEventMulticaster.doInvokeListener(SimpleApplicationEventMulticaster.java:185)
	at org.springframework.context.event.SimpleApplicationEventMulticaster.invokeListener(SimpleApplicationEventMulticaster.java:178)
	at org.springframework.context.event.SimpleApplicationEventMulticaster.multicastEvent(SimpleApplicationEventMulticaster.java:156)
	at org.springframework.context.event.SimpleApplicationEventMulticaster.multicastEvent(SimpleApplicationEventMulticaster.java:138)
	at org.springframework.boot.context.event.EventPublishingRunListener.multicastInitialEvent(EventPublishingRunListener.java:136)
	at org.springframework.boot.context.event.EventPublishingRunListener.environmentPrepared(EventPublishingRunListener.java:81)
	at org.springframework.boot.SpringApplicationRunListeners.lambda$environmentPrepared$2(SpringApplicationRunListeners.java:64)
	at java.base/java.lang.Iterable.forEach(Iterable.java:75)
	at org.springframework.boot.SpringApplicationRunListeners.doWithListeners(SpringApplicationRunListeners.java:118)
	at org.springframework.boot.SpringApplicationRunListeners.doWithListeners(SpringApplicationRunListeners.java:112)
	at org.springframework.boot.SpringApplicationRunListeners.environmentPrepared(SpringApplicationRunListeners.java:63)
	at org.springframework.boot.SpringApplication.prepareEnvironment(SpringApplication.java:353)
	at org.springframework.boot.SpringApplication.run(SpringApplication.java:313)
	at org.springframework.boot.test.context.SpringBootContextLoader.lambda$loadContext$3(SpringBootContextLoader.java:151)
	at org.springframework.util.function.ThrowingSupplier.get(ThrowingSupplier.java:58)
	at org.springframework.util.function.ThrowingSupplier.get(ThrowingSupplier.java:46)
	at org.springframework.boot.SpringApplication.withHook(SpringApplication.java:1461)
	at org.springframework.boot.test.context.SpringBootContextLoader$ContextLoaderHook.run(SpringBootContextLoader.java:590)
	at org.springframework.boot.test.context.SpringBootContextLoader.loadContext(SpringBootContextLoader.java:151)
	at org.springframework.boot.test.context.SpringBootContextLoader.loadContext(SpringBootContextLoader.java:110)
	at org.springframework.test.context.cache.DefaultCacheAwareContextLoaderDelegate.loadContextInternal(DefaultCacheAwareContextLoaderDelegate.java:225)
	at org.springframework.test.context.cache.DefaultCacheAwareContextLoaderDelegate.loadContext(DefaultCacheAwareContextLoaderDelegate.java:152)
	... 80 common frames omitted
Caused by: java.lang.IllegalStateException: Logback configuration error detected: 
ERROR in com.github.loki4j.client.pipeline.AsyncBufferPipeline@64edfc8c - Error while sending Batch #51f200d192d4 (3.082 bytes) to Loki (http://localhost:13100/loki/api/v1/push) java.net.ConnectException
ERROR in com.github.loki4j.client.pipeline.AsyncBufferPipeline@64edfc8c - Retry #1. Error while sending Batch #51f200d192d4 (3.082 bytes) to Loki (http://localhost:13100/loki/api/v1/push) java.net.ConnectException
ERROR in com.github.loki4j.client.pipeline.AsyncBufferPipeline@64edfc8c - Retry #2. Error while sending Batch #51f200d192d4 (3.082 bytes) to Loki (http://localhost:13100/loki/api/v1/push) java.net.ConnectException
	at org.springframework.boot.logging.logback.LogbackLoggingSystem.reportConfigurationErrorsIfNecessary(LogbackLoggingSystem.java:289)
	at org.springframework.boot.logging.logback.LogbackLoggingSystem.loadConfiguration(LogbackLoggingSystem.java:267)
	at org.springframework.boot.logging.AbstractLoggingSystem.initializeWithConventions(AbstractLoggingSystem.java:81)
	at org.springframework.boot.logging.AbstractLoggingSystem.initialize(AbstractLoggingSystem.java:61)
	at org.springframework.boot.logging.logback.LogbackLoggingSystem.initialize(LogbackLoggingSystem.java:195)
	at org.springframework.boot.context.logging.LoggingApplicationListener.initializeSystem(LoggingApplicationListener.java:332)
	... 105 common frames omitted
	Suppressed: java.net.ConnectException
		at java.net.http/jdk.internal.net.http.HttpClientImpl.send(HttpClientImpl.java:574)
		at java.net.http/jdk.internal.net.http.HttpClientFacade.send(HttpClientFacade.java:123)
		at com.github.loki4j.client.http.JavaHttpClient.send(JavaHttpClient.java:68)
		at com.github.loki4j.client.pipeline.AsyncBufferPipeline.sendBatch(AsyncBufferPipeline.java:322)
		at com.github.loki4j.client.pipeline.AsyncBufferPipeline.sendStep(AsyncBufferPipeline.java:293)
		at com.github.loki4j.client.pipeline.AsyncBufferPipeline.runSendLoop(AsyncBufferPipeline.java:224)
		at com.github.loki4j.client.pipeline.AsyncBufferPipeline.lambda$start$3(AsyncBufferPipeline.java:131)
		at java.base/java.util.concurrent.ThreadPoolExecutor.runWorker(ThreadPoolExecutor.java:1136)
		at java.base/java.util.concurrent.ThreadPoolExecutor$Worker.run(ThreadPoolExecutor.java:635)
		at java.base/java.lang.Thread.run(Thread.java:842)
	Caused by: java.net.ConnectException
		at java.net.http/jdk.internal.net.http.common.Utils.toConnectException(Utils.java:1055)
		at java.net.http/jdk.internal.net.http.PlainHttpConnection.connectAsync(PlainHttpConnection.java:198)
		at java.net.http/jdk.internal.net.http.PlainHttpConnection.checkRetryConnect(PlainHttpConnection.java:230)
		at java.net.http/jdk.internal.net.http.PlainHttpConnection.lambda$connectAsync$1(PlainHttpConnection.java:206)
		at java.base/java.util.concurrent.CompletableFuture.uniHandle(CompletableFuture.java:934)
		at java.base/java.util.concurrent.CompletableFuture$UniHandle.tryFire(CompletableFuture.java:911)
		at java.base/java.util.concurrent.CompletableFuture.postComplete(CompletableFuture.java:510)
		at java.base/java.util.concurrent.CompletableFuture$AsyncSupply.run(CompletableFuture.java:1773)
		... 3 common frames omitted
	Caused by: java.nio.channels.ClosedChannelException
		at java.base/sun.nio.ch.SocketChannelImpl.ensureOpen(SocketChannelImpl.java:195)
		at java.base/sun.nio.ch.SocketChannelImpl.beginConnect(SocketChannelImpl.java:760)
		at java.base/sun.nio.ch.SocketChannelImpl.connect(SocketChannelImpl.java:848)
		at java.net.http/jdk.internal.net.http.PlainHttpConnection.lambda$connectAsync$0(PlainHttpConnection.java:183)
		at java.base/java.security.AccessController.doPrivileged(AccessController.java:569)
		at java.net.http/jdk.internal.net.http.PlainHttpConnection.connectAsync(PlainHttpConnection.java:185)
		... 9 common frames omitted
	Suppressed: java.net.ConnectException
		at java.net.http/jdk.internal.net.http.HttpClientImpl.send(HttpClientImpl.java:574)
		at java.net.http/jdk.internal.net.http.HttpClientFacade.send(HttpClientFacade.java:123)
		at com.github.loki4j.client.http.JavaHttpClient.send(JavaHttpClient.java:68)
		at com.github.loki4j.client.pipeline.AsyncBufferPipeline.sendBatch(AsyncBufferPipeline.java:322)
		at com.github.loki4j.client.pipeline.AsyncBufferPipeline.sendStep(AsyncBufferPipeline.java:293)
		at com.github.loki4j.client.pipeline.AsyncBufferPipeline.runSendLoop(AsyncBufferPipeline.java:224)
		at com.github.loki4j.client.pipeline.AsyncBufferPipeline.lambda$start$3(AsyncBufferPipeline.java:131)
		at java.base/java.util.concurrent.ThreadPoolExecutor.runWorker(ThreadPoolExecutor.java:1136)
		at java.base/java.util.concurrent.ThreadPoolExecutor$Worker.run(ThreadPoolExecutor.java:635)
		at java.base/java.lang.Thread.run(Thread.java:842)
	Caused by: java.net.ConnectException
		at java.net.http/jdk.internal.net.http.common.Utils.toConnectException(Utils.java:1055)
		at java.net.http/jdk.internal.net.http.PlainHttpConnection.connectAsync(PlainHttpConnection.java:198)
		at java.net.http/jdk.internal.net.http.PlainHttpConnection.checkRetryConnect(PlainHttpConnection.java:230)
		at java.net.http/jdk.internal.net.http.PlainHttpConnection.lambda$connectAsync$1(PlainHttpConnection.java:206)
		at java.base/java.util.concurrent.CompletableFuture.uniHandle(CompletableFuture.java:934)
		at java.base/java.util.concurrent.CompletableFuture$UniHandle.tryFire(CompletableFuture.java:911)
		at java.base/java.util.concurrent.CompletableFuture.postComplete(CompletableFuture.java:510)
		at java.base/java.util.concurrent.CompletableFuture$AsyncSupply.run(CompletableFuture.java:1773)
		... 3 common frames omitted
	Caused by: java.nio.channels.ClosedChannelException
		at java.base/sun.nio.ch.SocketChannelImpl.ensureOpen(SocketChannelImpl.java:195)
		at java.base/sun.nio.ch.SocketChannelImpl.beginConnect(SocketChannelImpl.java:760)
		at java.base/sun.nio.ch.SocketChannelImpl.connect(SocketChannelImpl.java:848)
		at java.net.http/jdk.internal.net.http.PlainHttpConnection.lambda$connectAsync$0(PlainHttpConnection.java:183)
		at java.base/java.security.AccessController.doPrivileged(AccessController.java:569)
		at java.net.http/jdk.internal.net.http.PlainHttpConnection.connectAsync(PlainHttpConnection.java:185)
		... 9 common frames omitted
	Suppressed: java.net.ConnectException
		at java.net.http/jdk.internal.net.http.HttpClientImpl.send(HttpClientImpl.java:574)
		at java.net.http/jdk.internal.net.http.HttpClientFacade.send(HttpClientFacade.java:123)
		at com.github.loki4j.client.http.JavaHttpClient.send(JavaHttpClient.java:68)
		at com.github.loki4j.client.pipeline.AsyncBufferPipeline.sendBatch(AsyncBufferPipeline.java:322)
		at com.github.loki4j.client.pipeline.AsyncBufferPipeline.sendStep(AsyncBufferPipeline.java:293)
		at com.github.loki4j.client.pipeline.AsyncBufferPipeline.runSendLoop(AsyncBufferPipeline.java:224)
		at com.github.loki4j.client.pipeline.AsyncBufferPipeline.lambda$start$3(AsyncBufferPipeline.java:131)
		at java.base/java.util.concurrent.ThreadPoolExecutor.runWorker(ThreadPoolExecutor.java:1136)
		at java.base/java.util.concurrent.ThreadPoolExecutor$Worker.run(ThreadPoolExecutor.java:635)
		at java.base/java.lang.Thread.run(Thread.java:842)
	Caused by: java.net.ConnectException
		at java.net.http/jdk.internal.net.http.common.Utils.toConnectException(Utils.java:1055)
		at java.net.http/jdk.internal.net.http.PlainHttpConnection.connectAsync(PlainHttpConnection.java:198)
		at java.net.http/jdk.internal.net.http.PlainHttpConnection.checkRetryConnect(PlainHttpConnection.java:230)
		at java.net.http/jdk.internal.net.http.PlainHttpConnection.lambda$connectAsync$1(PlainHttpConnection.java:206)
		at java.base/java.util.concurrent.CompletableFuture.uniHandle(CompletableFuture.java:934)
		at java.base/java.util.concurrent.CompletableFuture$UniHandle.tryFire(CompletableFuture.java:911)
		at java.base/java.util.concurrent.CompletableFuture.postComplete(CompletableFuture.java:510)
		at java.base/java.util.concurrent.CompletableFuture$AsyncSupply.run(CompletableFuture.java:1773)
		... 3 common frames omitted
	Caused by: java.nio.channels.ClosedChannelException
		at java.base/sun.nio.ch.SocketChannelImpl.ensureOpen(SocketChannelImpl.java:195)
		at java.base/sun.nio.ch.SocketChannelImpl.beginConnect(SocketChannelImpl.java:760)
		at java.base/sun.nio.ch.SocketChannelImpl.connect(SocketChannelImpl.java:848)
		at java.net.http/jdk.internal.net.http.PlainHttpConnection.lambda$connectAsync$0(PlainHttpConnection.java:183)
		at java.base/java.security.AccessController.doPrivileged(AccessController.java:569)
		at java.net.http/jdk.internal.net.http.PlainHttpConnection.connectAsync(PlainHttpConnection.java:185)
		... 9 common frames omitted
2026-05-01 00:34:43.083 [background-preinit] INFO  o.h.validator.internal.util.Version - HV000001: Hibernate Validator 8.0.3.Final
2026-05-01 00:34:43.122 [main] INFO  o.s.c.c.c.ConfigServerConfigDataLoader - Fetching config from server at : http://localhost:7071
2026-05-01 00:34:43.122 [main] INFO  o.s.c.c.c.ConfigServerConfigDataLoader - Located environment: name=ms-payment, profiles=[default], label=null, version=null, state=null
2026-05-01 00:34:43.122 [main] INFO  o.s.c.c.c.ConfigServerConfigDataLoader - Fetching config from server at : http://localhost:7071
2026-05-01 00:34:43.122 [main] INFO  o.s.c.c.c.ConfigServerConfigDataLoader - Located environment: name=ms-payment, profiles=[dev], label=null, version=null, state=null
2026-05-01 00:34:43.594 [main] INFO  o.s.c.c.c.ConfigServicePropertySourceLocator - Fetching config from server at : http://localhost:7071
2026-05-01 00:34:43.613 [main] INFO  o.s.c.c.c.ConfigServicePropertySourceLocator - Located environment: name=ms-payment, profiles=[default], label=null, version=null, state=null
2026-05-01 00:34:43.613 [main] INFO  o.s.c.b.c.PropertySourceBootstrapConfiguration - Located property source: [BootstrapPropertySource {name='bootstrapProperties-configClient'}]
2026-05-01 00:34:43.725 [main] INFO  com.upeu.payment.PaymentApplication - The following 1 profile is active: "dev"
2026-05-01 00:34:43.742 [main] INFO  o.s.c.c.c.ConfigServerConfigDataLoader - Fetching config from server at : http://localhost:7071
2026-05-01 00:34:43.742 [main] INFO  o.s.c.c.c.ConfigServerConfigDataLoader - Located environment: name=ms-payment, profiles=[default], label=null, version=null, state=null
2026-05-01 00:34:43.742 [main] INFO  o.s.c.c.c.ConfigServerConfigDataLoader - Fetching config from server at : http://localhost:7071
2026-05-01 00:34:43.742 [main] INFO  o.s.c.c.c.ConfigServerConfigDataLoader - Located environment: name=ms-payment, profiles=[dev], label=null, version=null, state=null
2026-05-01 00:34:44.442 [main] INFO  o.s.d.r.c.RepositoryConfigurationDelegate - Bootstrapping Spring Data JPA repositories in DEFAULT mode.
2026-05-01 00:34:44.526 [main] INFO  o.s.d.r.c.RepositoryConfigurationDelegate - Finished Spring Data repository scanning in 75 ms. Found 1 JPA repository interface.
2026-05-01 00:34:44.751 [main] INFO  o.s.cloud.context.scope.GenericScope - BeanFactory id=3f278c9c-1d5b-38c2-910e-418dd256e37f
2026-05-01 00:34:45.194 [main] INFO  o.s.b.w.e.tomcat.TomcatWebServer - Tomcat initialized with port 8086 (http)
2026-05-01 00:34:45.204 [main] INFO  o.a.coyote.http11.Http11NioProtocol - Initializing ProtocolHandler ["http-nio-8086"]
2026-05-01 00:34:45.204 [main] INFO  o.a.catalina.core.StandardService - Starting service [Tomcat]
2026-05-01 00:34:45.204 [main] INFO  o.a.catalina.core.StandardEngine - Starting Servlet engine: [Apache Tomcat/10.1.53]
2026-05-01 00:34:45.284 [main] INFO  o.a.c.c.C.[Tomcat].[localhost].[/] - Initializing Spring embedded WebApplicationContext
2026-05-01 00:34:45.285 [main] INFO  o.s.b.w.s.c.ServletWebServerApplicationContext - Root WebApplicationContext: initialization completed in 1543 ms
2026-05-01 00:34:45.664 [main] INFO  com.zaxxer.hikari.HikariDataSource - HikariPool-1 - Starting...
2026-05-01 00:34:45.797 [main] INFO  com.zaxxer.hikari.pool.HikariPool - HikariPool-1 - Added connection com.mysql.cj.jdbc.ConnectionImpl@3074575a
2026-05-01 00:34:45.799 [main] INFO  com.zaxxer.hikari.HikariDataSource - HikariPool-1 - Start completed.
2026-05-01 00:34:45.840 [main] INFO  org.flywaydb.core.FlywayExecutor - Database: jdbc:mysql://localhost:3316/db_payment?useSSL=false&allowPublicKeyRetrieval=true&serverTimezone=UTC (MySQL 8.4)
2026-05-01 00:34:45.861 [main] WARN  o.f.c.i.database.base.Database - Flyway upgrade recommended: MySQL 8.4 is newer than this version of Flyway and support has not been tested. The latest supported version of MySQL is 8.1.
2026-05-01 00:34:45.912 [main] INFO  o.f.core.internal.command.DbValidate - Successfully validated 1 migration (execution time 00:00.040s)
2026-05-01 00:34:45.934 [main] INFO  o.f.core.internal.command.DbMigrate - Current version of schema `db_payment`: 1
2026-05-01 00:34:45.937 [main] INFO  o.f.core.internal.command.DbMigrate - Schema `db_payment` is up to date. No migration necessary.
2026-05-01 00:34:46.038 [main] INFO  o.h.jpa.internal.util.LogHelper - HHH000204: Processing PersistenceUnitInfo [name: default]
2026-05-01 00:34:46.098 [main] INFO  org.hibernate.Version - HHH000412: Hibernate ORM core version 6.6.45.Final
2026-05-01 00:34:46.124 [main] INFO  o.h.c.i.RegionFactoryInitiator - HHH000026: Second-level cache disabled
2026-05-01 00:34:46.355 [main] INFO  o.s.o.j.p.SpringPersistenceUnitInfo - No LoadTimeWeaver setup: ignoring JPA class transformer
2026-05-01 00:34:46.412 [main] WARN  org.hibernate.orm.deprecation - HHH90000025: MySQLDialect does not need to be specified explicitly using 'hibernate.dialect' (remove the property setting and it will be selected by default)
2026-05-01 00:34:46.423 [main] INFO  o.hibernate.orm.connections.pooling - HHH10001005: Database info:
	Database JDBC URL [Connecting through datasource 'HikariDataSource (HikariPool-1)']
	Database driver: undefined/unknown
	Database version: 8.4.9
	Autocommit mode: undefined/unknown
	Isolation level: undefined/unknown
	Minimum pool size: undefined/unknown
	Maximum pool size: undefined/unknown
2026-05-01 00:34:47.032 [main] INFO  o.h.e.t.j.p.i.JtaPlatformInitiator - HHH000489: No JTA platform available (set 'hibernate.transaction.jta.platform' to enable JTA platform integration)
2026-05-01 00:34:47.075 [main] INFO  o.s.o.j.LocalContainerEntityManagerFactoryBean - Initialized JPA EntityManagerFactory for persistence unit 'default'
2026-05-01 00:34:47.572 [main] WARN  o.s.b.a.o.j.JpaBaseConfiguration$JpaWebConfiguration - spring.jpa.open-in-view is enabled by default. Therefore, database queries may be performed during view rendering. Explicitly configure spring.jpa.open-in-view to disable this warning
2026-05-01 00:34:47.724 [main] INFO  o.s.c.o.FeignClientFactoryBean - For 'ms-service-request' URL not provided. Will try picking an instance via load-balancing.
2026-05-01 00:34:47.865 [main] INFO  o.s.c.o.FeignClientFactoryBean - For 'ms-notification' URL not provided. Will try picking an instance via load-balancing.
2026-05-01 00:34:48.326 [main] INFO  o.s.b.a.e.web.EndpointLinksResolver - Exposing 5 endpoints beneath base path '/actuator'
2026-05-01 00:34:49.237 [main] INFO  o.s.c.n.e.c.DiscoveryClientOptionalArgsConfiguration - Eureka HTTP Client uses RestTemplate.
2026-05-01 00:34:49.292 [main] WARN  o.s.c.l.c.LoadBalancerCacheAutoConfiguration$LoadBalancerCaffeineWarnLogger - Spring Cloud LoadBalancer is currently working with the default cache. While this cache implementation is useful for development and tests, it's recommended to use Caffeine cache in production.You can switch to using Caffeine cache, by adding it and org.springframework.cache.caffeine.CaffeineCacheManager to the classpath.
2026-05-01 00:34:49.362 [main] INFO  o.s.c.n.eureka.InstanceInfoFactory - Setting initial instance status as: STARTING
2026-05-01 00:34:49.384 [main] INFO  c.netflix.discovery.DiscoveryClient - Initializing Eureka in region us-east-1
2026-05-01 00:34:49.386 [main] INFO  c.n.d.s.r.aws.ConfigClusterResolver - Resolving eureka endpoints via configuration
2026-05-01 00:34:49.399 [main] INFO  c.netflix.discovery.DiscoveryClient - Disable delta property : false
2026-05-01 00:34:49.399 [main] INFO  c.netflix.discovery.DiscoveryClient - Single vip registry refresh property : null
2026-05-01 00:34:49.399 [main] INFO  c.netflix.discovery.DiscoveryClient - Force full registry fetch : false
2026-05-01 00:34:49.399 [main] INFO  c.netflix.discovery.DiscoveryClient - Application is null : false
2026-05-01 00:34:49.399 [main] INFO  c.netflix.discovery.DiscoveryClient - Registered Applications size is zero : true
2026-05-01 00:34:49.399 [main] INFO  c.netflix.discovery.DiscoveryClient - Application version is -1: true
2026-05-01 00:34:49.399 [main] INFO  c.netflix.discovery.DiscoveryClient - Getting all instance registry info from the eureka server
2026-05-01 00:34:49.582 [main] INFO  c.netflix.discovery.DiscoveryClient - The response status is 200
2026-05-01 00:34:49.592 [main] INFO  c.netflix.discovery.DiscoveryClient - Starting heartbeat executor: renew interval is: 30
2026-05-01 00:34:49.595 [main] INFO  c.n.discovery.InstanceInfoReplicator - InstanceInfoReplicator onDemand update allowed rate per min is 4
2026-05-01 00:34:49.596 [main] INFO  c.netflix.discovery.DiscoveryClient - Discovery Client initialized at timestamp 1777613689596 with initial instances count: 1
2026-05-01 00:34:49.605 [main] INFO  o.s.c.n.e.s.EurekaServiceRegistry - Registering application MS-PAYMENT with eureka with status UP
2026-05-01 00:34:49.605 [main] INFO  c.netflix.discovery.DiscoveryClient - Saw local status change event StatusChangeEvent [timestamp=1777613689605, current=UP, previous=STARTING]
2026-05-01 00:34:49.605 [DiscoveryClient-InstanceInfoReplicator-%d] INFO  c.netflix.discovery.DiscoveryClient - DiscoveryClient_MS-PAYMENT/host.docker.internal:ms-payment:8086: registering service...
2026-05-01 00:34:49.605 [main] INFO  o.a.coyote.http11.Http11NioProtocol - Starting ProtocolHandler ["http-nio-8086"]
2026-05-01 00:34:49.623 [main] INFO  o.s.b.w.e.tomcat.TomcatWebServer - Tomcat started on port 8086 (http) with context path '/'
2026-05-01 00:34:49.624 [main] INFO  o.s.c.n.e.s.EurekaAutoServiceRegistration - Updating port to 8086
2026-05-01 00:34:49.635 [DiscoveryClient-InstanceInfoReplicator-%d] INFO  c.netflix.discovery.DiscoveryClient - DiscoveryClient_MS-PAYMENT/host.docker.internal:ms-payment:8086 - registration status: 204
2026-05-01 00:34:49.720 [main] INFO  com.upeu.payment.PaymentApplication - Started PaymentApplication in 7.517 seconds (process running for 7.889)
2026-05-01 00:34:49.747 [main] WARN  o.s.c.events.SpringDocAppInitializer - SpringDoc /v3/api-docs endpoint is enabled by default. To disable it in production, set the property 'springdoc.api-docs.enabled=false'
2026-05-01 00:34:49.752 [main] WARN  o.s.c.events.SpringDocAppInitializer - SpringDoc /swagger-ui.html endpoint is enabled by default. To disable it in production, set the property 'springdoc.swagger-ui.enabled=false'
2026-05-01 00:35:01.382 [http-nio-8086-exec-1] INFO  o.a.c.c.C.[Tomcat].[localhost].[/] - Initializing Spring DispatcherServlet 'dispatcherServlet'
2026-05-01 00:35:01.382 [http-nio-8086-exec-1] INFO  o.s.web.servlet.DispatcherServlet - Initializing Servlet 'dispatcherServlet'
2026-05-01 00:35:01.387 [http-nio-8086-exec-1] INFO  o.s.web.servlet.DispatcherServlet - Completed initialization in 5 ms
2026-05-01 00:39:42.852 [http-nio-8086-exec-9] INFO  o.s.api.AbstractOpenApiResource - Init duration for springdoc-openapi is: 221 ms
2026-05-01 00:39:49.399 [AsyncResolver-bootstrap-executor-%d] INFO  c.n.d.s.r.aws.ConfigClusterResolver - Resolving eureka endpoints via configuration
2026-05-01 00:41:54.674 [http-nio-8086-exec-1] INFO  o.s.api.AbstractOpenApiResource - Init duration for springdoc-openapi is: 145 ms
2026-05-01 00:44:49.411 [AsyncResolver-bootstrap-executor-%d] INFO  c.n.d.s.r.aws.ConfigClusterResolver - Resolving eureka endpoints via configuration
2026-05-01 00:49:49.413 [AsyncResolver-bootstrap-executor-%d] INFO  c.n.d.s.r.aws.ConfigClusterResolver - Resolving eureka endpoints via configuration
2026-05-01 00:51:20.032 [SpringApplicationShutdownHook] INFO  o.s.c.n.e.s.EurekaServiceRegistry - Unregistering application MS-PAYMENT with eureka with status DOWN
2026-05-01 00:51:20.032 [SpringApplicationShutdownHook] INFO  c.netflix.discovery.DiscoveryClient - Saw local status change event StatusChangeEvent [timestamp=1777614680032, current=DOWN, previous=UP]
2026-05-01 00:51:20.032 [DiscoveryClient-InstanceInfoReplicator-%d] INFO  c.netflix.discovery.DiscoveryClient - DiscoveryClient_MS-PAYMENT/host.docker.internal:ms-payment:8086: registering service...
2026-05-01 00:51:20.036 [SpringApplicationShutdownHook] INFO  o.s.b.w.e.tomcat.GracefulShutdown - Commencing graceful shutdown. Waiting for active requests to complete
2026-05-01 00:51:20.053 [DiscoveryClient-InstanceInfoReplicator-%d] INFO  c.netflix.discovery.DiscoveryClient - DiscoveryClient_MS-PAYMENT/host.docker.internal:ms-payment:8086 - registration status: 204
2026-05-01 00:51:20.212 [tomcat-shutdown] INFO  o.s.b.w.e.tomcat.GracefulShutdown - Graceful shutdown complete
2026-05-01 00:51:20.221 [SpringApplicationShutdownHook] INFO  o.s.o.j.LocalContainerEntityManagerFactoryBean - Closing JPA EntityManagerFactory for persistence unit 'default'
2026-05-01 00:51:20.224 [SpringApplicationShutdownHook] INFO  com.zaxxer.hikari.HikariDataSource - HikariPool-1 - Shutdown initiated...
2026-05-01 00:51:20.226 [SpringApplicationShutdownHook] INFO  com.zaxxer.hikari.HikariDataSource - HikariPool-1 - Shutdown completed.
2026-05-01 00:51:20.228 [SpringApplicationShutdownHook] INFO  c.netflix.discovery.DiscoveryClient - Shutting down DiscoveryClient ...
2026-05-01 00:51:23.244 [DiscoveryClient-%d] WARN  c.n.discovery.TimedSupervisorTask - task supervisor shutting down, can't accept the task
2026-05-01 00:51:43.583 [background-preinit] INFO  o.h.validator.internal.util.Version - HV000001: Hibernate Validator 8.0.3.Final
2026-05-01 00:51:43.635 [main] INFO  o.s.c.c.c.ConfigServerConfigDataLoader - Fetching config from server at : http://localhost:7071
2026-05-01 00:51:43.635 [main] INFO  o.s.c.c.c.ConfigServerConfigDataLoader - Located environment: name=ms-payment, profiles=[default], label=null, version=null, state=null
2026-05-01 00:51:43.635 [main] INFO  o.s.c.c.c.ConfigServerConfigDataLoader - Fetching config from server at : http://localhost:7071
2026-05-01 00:51:43.636 [main] INFO  o.s.c.c.c.ConfigServerConfigDataLoader - Located environment: name=ms-payment, profiles=[dev], label=null, version=null, state=null
2026-05-01 00:51:44.142 [main] INFO  o.s.c.c.c.ConfigServicePropertySourceLocator - Fetching config from server at : http://localhost:7071
2026-05-01 00:51:44.157 [main] INFO  o.s.c.c.c.ConfigServicePropertySourceLocator - Located environment: name=ms-payment, profiles=[default], label=null, version=null, state=null
2026-05-01 00:51:44.162 [main] INFO  o.s.c.b.c.PropertySourceBootstrapConfiguration - Located property source: [BootstrapPropertySource {name='bootstrapProperties-configClient'}]
2026-05-01 00:51:44.262 [main] INFO  com.upeu.payment.PaymentApplication - The following 1 profile is active: "dev"
2026-05-01 00:51:44.273 [main] INFO  o.s.c.c.c.ConfigServerConfigDataLoader - Fetching config from server at : http://localhost:7071
2026-05-01 00:51:44.274 [main] INFO  o.s.c.c.c.ConfigServerConfigDataLoader - Located environment: name=ms-payment, profiles=[default], label=null, version=null, state=null
2026-05-01 00:51:44.274 [main] INFO  o.s.c.c.c.ConfigServerConfigDataLoader - Fetching config from server at : http://localhost:7071
2026-05-01 00:51:44.274 [main] INFO  o.s.c.c.c.ConfigServerConfigDataLoader - Located environment: name=ms-payment, profiles=[dev], label=null, version=null, state=null
2026-05-01 00:51:45.062 [main] INFO  o.s.d.r.c.RepositoryConfigurationDelegate - Bootstrapping Spring Data JPA repositories in DEFAULT mode.
2026-05-01 00:51:45.149 [main] INFO  o.s.d.r.c.RepositoryConfigurationDelegate - Finished Spring Data repository scanning in 80 ms. Found 1 JPA repository interface.
2026-05-01 00:51:45.392 [main] INFO  o.s.cloud.context.scope.GenericScope - BeanFactory id=3f278c9c-1d5b-38c2-910e-418dd256e37f
2026-05-01 00:51:45.829 [main] INFO  o.s.b.w.e.tomcat.TomcatWebServer - Tomcat initialized with port 8086 (http)
2026-05-01 00:51:45.841 [main] INFO  o.a.coyote.http11.Http11NioProtocol - Initializing ProtocolHandler ["http-nio-8086"]
2026-05-01 00:51:45.842 [main] INFO  o.a.catalina.core.StandardService - Starting service [Tomcat]
2026-05-01 00:51:45.842 [main] INFO  o.a.catalina.core.StandardEngine - Starting Servlet engine: [Apache Tomcat/10.1.53]
2026-05-01 00:51:45.912 [main] INFO  o.a.c.c.C.[Tomcat].[localhost].[/] - Initializing Spring embedded WebApplicationContext
2026-05-01 00:51:45.912 [main] INFO  o.s.b.w.s.c.ServletWebServerApplicationContext - Root WebApplicationContext: initialization completed in 1638 ms
2026-05-01 00:51:46.285 [main] INFO  com.zaxxer.hikari.HikariDataSource - HikariPool-1 - Starting...
2026-05-01 00:51:46.429 [main] INFO  com.zaxxer.hikari.pool.HikariPool - HikariPool-1 - Added connection com.mysql.cj.jdbc.ConnectionImpl@6b7ebac1
2026-05-01 00:51:46.432 [main] INFO  com.zaxxer.hikari.HikariDataSource - HikariPool-1 - Start completed.
2026-05-01 00:51:46.484 [main] INFO  org.flywaydb.core.FlywayExecutor - Database: jdbc:mysql://localhost:3316/db_payment?useSSL=false&allowPublicKeyRetrieval=true&serverTimezone=UTC (MySQL 8.4)
2026-05-01 00:51:46.510 [main] WARN  o.f.c.i.database.base.Database - Flyway upgrade recommended: MySQL 8.4 is newer than this version of Flyway and support has not been tested. The latest supported version of MySQL is 8.1.
2026-05-01 00:51:46.609 [main] INFO  o.f.core.internal.command.DbValidate - Successfully validated 1 migration (execution time 00:00.080s)
2026-05-01 00:51:46.640 [main] INFO  o.f.core.internal.command.DbMigrate - Current version of schema `db_payment`: 1
2026-05-01 00:51:46.646 [main] INFO  o.f.core.internal.command.DbMigrate - Schema `db_payment` is up to date. No migration necessary.
2026-05-01 00:51:46.772 [main] INFO  o.h.jpa.internal.util.LogHelper - HHH000204: Processing PersistenceUnitInfo [name: default]
2026-05-01 00:51:46.855 [main] INFO  org.hibernate.Version - HHH000412: Hibernate ORM core version 6.6.45.Final
2026-05-01 00:51:46.892 [main] INFO  o.h.c.i.RegionFactoryInitiator - HHH000026: Second-level cache disabled
2026-05-01 00:51:47.154 [main] INFO  o.s.o.j.p.SpringPersistenceUnitInfo - No LoadTimeWeaver setup: ignoring JPA class transformer
2026-05-01 00:51:47.214 [main] WARN  org.hibernate.orm.deprecation - HHH90000025: MySQLDialect does not need to be specified explicitly using 'hibernate.dialect' (remove the property setting and it will be selected by default)
2026-05-01 00:51:47.229 [main] INFO  o.hibernate.orm.connections.pooling - HHH10001005: Database info:
	Database JDBC URL [Connecting through datasource 'HikariDataSource (HikariPool-1)']
	Database driver: undefined/unknown
	Database version: 8.4.9
	Autocommit mode: undefined/unknown
	Isolation level: undefined/unknown
	Minimum pool size: undefined/unknown
	Maximum pool size: undefined/unknown
2026-05-01 00:51:48.006 [main] INFO  o.h.e.t.j.p.i.JtaPlatformInitiator - HHH000489: No JTA platform available (set 'hibernate.transaction.jta.platform' to enable JTA platform integration)
2026-05-01 00:51:48.049 [main] INFO  o.s.o.j.LocalContainerEntityManagerFactoryBean - Initialized JPA EntityManagerFactory for persistence unit 'default'
2026-05-01 00:51:48.665 [main] WARN  o.s.b.a.o.j.JpaBaseConfiguration$JpaWebConfiguration - spring.jpa.open-in-view is enabled by default. Therefore, database queries may be performed during view rendering. Explicitly configure spring.jpa.open-in-view to disable this warning
2026-05-01 00:51:48.852 [main] INFO  o.s.c.o.FeignClientFactoryBean - For 'ms-service-request' URL not provided. Will try picking an instance via load-balancing.
2026-05-01 00:51:49.005 [main] INFO  o.s.c.o.FeignClientFactoryBean - For 'ms-notification' URL not provided. Will try picking an instance via load-balancing.
2026-05-01 00:51:49.563 [main] INFO  o.s.b.a.e.web.EndpointLinksResolver - Exposing 5 endpoints beneath base path '/actuator'
2026-05-01 00:51:50.782 [main] INFO  o.s.c.n.e.c.DiscoveryClientOptionalArgsConfiguration - Eureka HTTP Client uses RestTemplate.
2026-05-01 00:51:50.857 [main] WARN  o.s.c.l.c.LoadBalancerCacheAutoConfiguration$LoadBalancerCaffeineWarnLogger - Spring Cloud LoadBalancer is currently working with the default cache. While this cache implementation is useful for development and tests, it's recommended to use Caffeine cache in production.You can switch to using Caffeine cache, by adding it and org.springframework.cache.caffeine.CaffeineCacheManager to the classpath.
2026-05-01 00:51:50.958 [main] INFO  o.s.c.n.eureka.InstanceInfoFactory - Setting initial instance status as: STARTING
2026-05-01 00:51:50.982 [main] INFO  c.netflix.discovery.DiscoveryClient - Initializing Eureka in region us-east-1
2026-05-01 00:51:50.985 [main] INFO  c.n.d.s.r.aws.ConfigClusterResolver - Resolving eureka endpoints via configuration
2026-05-01 00:51:50.993 [main] INFO  c.netflix.discovery.DiscoveryClient - Disable delta property : false
2026-05-01 00:51:50.993 [main] INFO  c.netflix.discovery.DiscoveryClient - Single vip registry refresh property : null
2026-05-01 00:51:50.993 [main] INFO  c.netflix.discovery.DiscoveryClient - Force full registry fetch : false
2026-05-01 00:51:50.993 [main] INFO  c.netflix.discovery.DiscoveryClient - Application is null : false
2026-05-01 00:51:50.993 [main] INFO  c.netflix.discovery.DiscoveryClient - Registered Applications size is zero : true
2026-05-01 00:51:50.993 [main] INFO  c.netflix.discovery.DiscoveryClient - Application version is -1: true
2026-05-01 00:51:50.993 [main] INFO  c.netflix.discovery.DiscoveryClient - Getting all instance registry info from the eureka server
2026-05-01 00:51:51.173 [main] INFO  c.netflix.discovery.DiscoveryClient - The response status is 200
2026-05-01 00:51:51.183 [main] INFO  c.netflix.discovery.DiscoveryClient - Starting heartbeat executor: renew interval is: 30
2026-05-01 00:51:51.183 [main] INFO  c.n.discovery.InstanceInfoReplicator - InstanceInfoReplicator onDemand update allowed rate per min is 4
2026-05-01 00:51:51.183 [main] INFO  c.netflix.discovery.DiscoveryClient - Discovery Client initialized at timestamp 1777614711183 with initial instances count: 2
2026-05-01 00:51:51.192 [main] INFO  o.s.c.n.e.s.EurekaServiceRegistry - Registering application MS-PAYMENT with eureka with status UP
2026-05-01 00:51:51.197 [main] INFO  c.netflix.discovery.DiscoveryClient - Saw local status change event StatusChangeEvent [timestamp=1777614711197, current=UP, previous=STARTING]
2026-05-01 00:51:51.197 [main] INFO  o.a.coyote.http11.Http11NioProtocol - Starting ProtocolHandler ["http-nio-8086"]
2026-05-01 00:51:51.197 [DiscoveryClient-InstanceInfoReplicator-%d] INFO  c.netflix.discovery.DiscoveryClient - DiscoveryClient_MS-PAYMENT/host.docker.internal:ms-payment:8086: registering service...
2026-05-01 00:51:51.205 [main] INFO  o.s.b.w.e.tomcat.TomcatWebServer - Tomcat started on port 8086 (http) with context path '/'
2026-05-01 00:51:51.205 [main] INFO  o.s.c.n.e.s.EurekaAutoServiceRegistration - Updating port to 8086
2026-05-01 00:51:51.223 [DiscoveryClient-InstanceInfoReplicator-%d] INFO  c.netflix.discovery.DiscoveryClient - DiscoveryClient_MS-PAYMENT/host.docker.internal:ms-payment:8086 - registration status: 204
2026-05-01 00:51:51.346 [main] INFO  com.upeu.payment.PaymentApplication - Started PaymentApplication in 8.793 seconds (process running for 9.193)
2026-05-01 00:51:51.387 [main] WARN  o.s.c.events.SpringDocAppInitializer - SpringDoc /v3/api-docs endpoint is enabled by default. To disable it in production, set the property 'springdoc.api-docs.enabled=false'
2026-05-01 00:51:51.387 [main] WARN  o.s.c.events.SpringDocAppInitializer - SpringDoc /swagger-ui.html endpoint is enabled by default. To disable it in production, set the property 'springdoc.swagger-ui.enabled=false'
2026-05-01 00:52:01.322 [http-nio-8086-exec-1] INFO  o.a.c.c.C.[Tomcat].[localhost].[/] - Initializing Spring DispatcherServlet 'dispatcherServlet'
2026-05-01 00:52:01.322 [http-nio-8086-exec-1] INFO  o.s.web.servlet.DispatcherServlet - Initializing Servlet 'dispatcherServlet'
2026-05-01 00:52:01.332 [http-nio-8086-exec-1] INFO  o.s.web.servlet.DispatcherServlet - Completed initialization in 10 ms
2026-05-01 00:52:11.943 [http-nio-8086-exec-6] INFO  o.s.api.AbstractOpenApiResource - Init duration for springdoc-openapi is: 229 ms
2026-05-01 00:56:51.005 [AsyncResolver-bootstrap-executor-%d] INFO  c.n.d.s.r.aws.ConfigClusterResolver - Resolving eureka endpoints via configuration
2026-05-01 01:01:51.004 [AsyncResolver-bootstrap-executor-%d] INFO  c.n.d.s.r.aws.ConfigClusterResolver - Resolving eureka endpoints via configuration
